// Jest Snapshot v1, https://goo.gl/fbAQLP

exports[`SearchPage debe de mostrarse correctamente con los valores por defecto 1`] = `
<div>
  <h1>
    Search
  </h1>
  <hr />
  <div
    class="row"
  >
    <div
      class="col-5"
    >
      <h4>
        Searching
      </h4>
      <hr />
      <form>
        <input
          autocomplete="off"
          class="form-control"
          name="searchText"
          placeholder="Search a hero"
          type="text"
          value=""
        />
        <button
          class="btn btn-primary btn-block mt-2"
        >
          Search
        </button>
      </form>
    </div>
    <div
      class="col-7"
    >
      <h4>
        Results
      </h4>
      <hr />
      <div
        aria-label="Search a hero"
        class="alert alert-primary animate_animated animate__fadeIn"
      >
        Search a hero
      </div>
      <div
        class="alert alert-danger animate_animated animate__fadeIn"
        style="display: none;"
      >
        This hero 
        <b />
         doesn't exist
      </div>
    </div>
  </div>
</div>
`;
